// Jest Snapshot v1, https://goo.gl/fbAQLP

exports[`movie app tests new movie form shows 1`] = `"<form><h1> New Movie </h1><div>Title: <input data-testid="title" value=""></div><div>Year: <input data-testid="year" value=""></div><div>Plot: <textarea data-testid="plot"></textarea></div></form>"`;

exports[`movie app tests shows movie list 1`] = `"<div><h1>Something else basic, but in a different file</h1></div>"`;
